=== run_id: replay_long_range_ingress_demo ===
[interception_logic_node-1] [P_HEATMAP] pos=(-2300.000, 64.000, 67.000)
[interception_logic_node-1] [P_HEATMAP] pos=(-2268.000, 76.000, 72.500)
[interception_logic_node-1] [P_HEATMAP] pos=(-2236.000, 88.000, 78.000)
[interception_logic_node-1] [P_HEATMAP] pos=(-2204.000, 100.000, 74.500)
[interception_logic_node-1] [P_HEATMAP] pos=(-2172.000, 112.000, 80.000)
[interception_logic_node-1] [P_HEATMAP] pos=(-2140.000, 124.000, 85.500)
[interception_logic_node-1] [P_HEATMAP] pos=(-2108.000, 136.000, 67.000)
[interception_logic_node-1] [P_HEATMAP] pos=(-2076.000, 64.000, 72.500)
[interception_logic_node-1] [P_HEATMAP] pos=(-2044.000, 76.000, 78.000)
[interception_logic_node-1] [P_HEATMAP] pos=(-2012.000, 88.000, 74.500)
[interception_logic_node-1] [P_HEATMAP] pos=(-1980.000, 100.000, 80.000)
[interception_logic_node-1] [P_HEATMAP] pos=(-1948.000, 112.000, 85.500)
[tracking_node-1] Candidate detected: track_id=51
[interception_logic_node-1] [P_HEATMAP] pos=(-1916.000, 124.000, 67.000)
[interception_logic_node-1] [P_HEATMAP] pos=(-1884.000, 136.000, 72.500)
[interception_logic_node-1] [P_HEATMAP] pos=(-1852.000, 64.000, 78.000)
[interception_logic_node-1] [P_HEATMAP] pos=(-1820.000, 76.000, 74.500)
[interception_logic_node-1] [P_HEATMAP] pos=(-1788.000, 88.000, 80.000)
[interception_logic_node-1] [P_HEATMAP] pos=(-1756.000, 100.000, 85.500)
[interception_logic_node-1] [P_HEATMAP] pos=(-1724.000, 112.000, 67.000)
[interception_logic_node-1] [P_HEATMAP] pos=(-1692.000, 124.000, 72.500)
[interception_logic_node-1] [P_HEATMAP] pos=(-1660.000, 136.000, 78.000)
[interception_logic_node-1] [P_HEATMAP] pos=(-1628.000, 64.000, 74.500)
[interception_logic_node-1] [P_HEATMAP] pos=(-1596.000, 76.000, 80.000)
[interception_logic_node-1] [P_HEATMAP] pos=(-1564.000, 88.000, 85.500)
[interception_logic_node-1] [P_HEATMAP] pos=(-1532.000, 100.000, 67.000)
[interception_logic_node-1] [P_HEATMAP] pos=(-1500.000, 112.000, 72.500)
[interception_logic_node-1] [P_HEATMAP] pos=(-1468.000, 124.000, 78.000)
[interception_logic_node-1] [P_HEATMAP] pos=(-1436.000, 136.000, 74.500)
[interception_logic_node-1] [P_HEATMAP] pos=(-1404.000, 64.000, 80.000)
[interception_logic_node-1] [P_HEATMAP] pos=(-1372.000, 76.000, 85.500)
[interception_logic_node-1] [P_HEATMAP] pos=(-1340.000, 88.000, 67.000)
[interception_logic_node-1] [P_HEATMAP] pos=(-1308.000, 100.000, 72.500)
[interception_logic_node-1] [P_HEATMAP] pos=(-1276.000, 112.000, 78.000)
[interception_logic_node-1] [P_HEATMAP] pos=(-1244.000, 124.000, 74.500)
[interception_logic_node-1] interceptor_pos=(-85.000, 6.000, 42.000) target_pos=(-1200.000, 95.000, 78.000)
[interception_logic_node-1] [P_HEATMAP] pos=(-1212.000, 136.000, 80.000)
[interception_logic_node-1] [P_HEATMAP] pos=(-1180.000, 64.000, 85.500)
[interception_logic_node-1] [P_HEATMAP] pos=(-1148.000, 76.000, 67.000)
[interception_logic_node-1] [P_HEATMAP] pos=(-1116.000, 88.000, 72.500)
[interception_logic_node-1] [P_HEATMAP] pos=(-1084.000, 100.000, 78.000)
[interception_logic_node-1] [P_HEATMAP] pos=(-1052.000, 112.000, 74.500)
[interception_logic_node-1] [P_HEATMAP] pos=(-1020.000, 124.000, 80.000)
[interception_logic_node-1] [P_HEATMAP] pos=(-988.000, 136.000, 85.500)
[interception_logic_node-1] [P_HEATMAP] pos=(-956.000, 64.000, 67.000)
[interception_logic_node-1] [P_HEATMAP] pos=(-924.000, 76.000, 72.500)
[interception_logic_node-1] [P_HEATMAP] pos=(-892.000, 88.000, 78.000)
[interception_logic_node-1] [P_HEATMAP] pos=(-860.000, 100.000, 74.500)
[interception_logic_node-1] [P_HEATMAP] pos=(-828.000, 112.000, 80.000)
[interception_logic_node-1] [P_HEATMAP] pos=(-796.000, 124.000, 85.500)
[interception_logic_node-1] interceptor_pos=(-55.000, 6.000, 42.000) target_pos=(-800.000, 110.000, 72.000)
[interception_logic_node-1] [P_HEATMAP] pos=(-764.000, 136.000, 67.000)
[interception_logic_node-1] [P_HEATMAP] pos=(-732.000, 64.000, 72.500)
[interception_logic_node-1] [P_HEATMAP] pos=(-700.000, 76.000, 78.000)
[interception_logic_node-1] [P_HEATMAP] pos=(-668.000, 88.000, 74.500)
[interception_logic_node-1] [P_HEATMAP] pos=(-636.000, 100.000, 80.000)
[interception_logic_node-1] [P_HEATMAP] pos=(-604.000, 112.000, 85.500)
[interception_logic_node-1] [P_HEATMAP] pos=(-572.000, 124.000, 67.000)
[interception_logic_node-1] interceptor_pos=(-25.000, 6.000, 42.000) target_pos=(-500.000, 120.000, 68.000)
[interception_logic_node-1] [P_HEATMAP] pos=(-540.000, 136.000, 72.500)
[interception_logic_node-1] [P_HEATMAP] pos=(-508.000, 64.000, 78.000)
[interception_logic_node-1] [P_HEATMAP] pos=(-476.000, 76.000, 74.500)
[interception_logic_node-1] [P_HEATMAP] pos=(-444.000, 88.000, 80.000)
[interception_logic_node-1] [P_HEATMAP] pos=(-412.000, 100.000, 85.500)
[interception_logic_node-1] [P_HEATMAP] pos=(-380.000, 112.000, 67.000)
[interception_logic_node-1] [METRICS] id=interceptor_0  | dist=30.000 m | t_go=5.5 s | vel=16.0 m/s | mode=predict
