=== run_id: replay_corridor_defense_demo ===
[interception_logic_node-1] [P_HEATMAP] pos=(-1500.000, -15.000, 100.000)
[interception_logic_node-1] [P_HEATMAP] pos=(-1445.000, 0.000, 100.000)
[interception_logic_node-1] [P_HEATMAP] pos=(-1390.000, 15.000, 100.000)
[interception_logic_node-1] [P_HEATMAP] pos=(-1335.000, -15.000, 100.000)
[tracking_node-1] Candidate detected: track_id=12
[interception_logic_node-1] [P_HEATMAP] pos=(-1280.000, 0.000, 100.000)
[interception_logic_node-1] [P_HEATMAP] pos=(-1225.000, 15.000, 100.000)
[interception_logic_node-1] [P_HEATMAP] pos=(-1170.000, -15.000, 100.000)
[interception_logic_node-1] [P_HEATMAP] pos=(-1115.000, 0.000, 100.000)
[interception_logic_node-1] [P_HEATMAP] pos=(-1060.000, 15.000, 100.000)
[interception_logic_node-1] [P_HEATMAP] pos=(-1005.000, -15.000, 100.000)
[interception_logic_node-1] [P_HEATMAP] pos=(-950.000, 0.000, 100.000)
[interception_logic_node-1] [P_HEATMAP] pos=(-895.000, 15.000, 100.000)
[interception_logic_node-1] [P_HEATMAP] pos=(-840.000, -15.000, 100.000)
[interception_logic_node-1] [P_HEATMAP] pos=(-785.000, 0.000, 100.000)
[interception_logic_node-1] [P_HEATMAP] pos=(-730.000, 15.000, 100.000)
[interception_logic_node-1] [P_HEATMAP] pos=(-675.000, -15.000, 100.000)
[interception_logic_node-1] [P_HEATMAP] pos=(-620.000, 0.000, 100.000)
[interception_logic_node-1] [P_HEATMAP] pos=(-565.000, 15.000, 100.000)
[interception_logic_node-1] [P_HEATMAP] pos=(-510.000, -15.000, 100.000)
[interception_logic_node-1] [P_HEATMAP] pos=(-455.000, 0.000, 100.000)
[interception_logic_node-1] [P_HEATMAP] pos=(-400.000, 15.000, 100.000)
[interception_logic_node-1] [METRICS] id=interceptor_0  | dist=35.000 m | t_go=6.5 s | vel=18.0 m/s | mode=predict
[interception_logic_node-1] interceptor_pos=(-40.000, 5.000, 40.000) target_pos=(-380.000, 10.000, 95.000)
[interception_logic_node-1] [METRICS] id=interceptor_0  | dist=18.000 m | t_go=2.8 s | vel=19.0 m/s | mode=predict
[interception_logic_node-1] [METRICS] id=interceptor_0  | dist=9.500 m | t_go=1.2 s | vel=20.0 m/s | mode=predict
